[2026-07-26T01:34:10.811Z] GET https://eur-lex.europa.eu/legal-content/EN/TXT/HTML/?uri=OJ:L_202401689 → 202 (61ms, 2035B)
[2026-07-26T01:34:10.874Z] GET https://3e3378af7cd0.13a7825a.us-east-2.token.awswaf.com/3e3378af7cd0/b8f8ae018166/c9ffa032f402/challenge.js → 200 (306ms, 590651B)
[2026-07-26T01:34:11.249Z] GET https://3e3378af7cd0.13a7825a.us-east-2.token.awswaf.com/3e3378af7cd0/b8f8ae018166/c9ffa032f402/inputs?client=browser → 200 (63ms, 827B)
[2026-07-26T01:34:11.346Z] POST https://3e3378af7cd0.13a7825a.us-east-2.token.awswaf.com/3e3378af7cd0/b8f8ae018166/c9ffa032f402/mp_verify → pending (?ms, ?B)
[2026-07-26T01:34:11.434Z] GET https://eur-lex.europa.eu/legal-content/EN/TXT/HTML/?uri=OJ:L_202401689 → 200 (495ms, 229203B)
[2026-07-26T01:34:11.935Z] GET https://eur-lex.europa.eu/eurlex-frontoffice/ruxitagentjs_ICANVfgqrux_10335260518104739.js → 200 (354ms, 81744B)
[2026-07-26T01:34:11.935Z] GET https://eur-lex.europa.eu/css/oj/oj-convex-act.css → 200 (121ms, 8062B)
[2026-07-26T01:34:11.935Z] GET https://eur-lex.europa.eu/revamp/components/vendor/bootstrap/dist/css/bootstrap.css → 200 (115ms, 27891B)
[2026-07-26T01:34:11.935Z] GET https://eur-lex.europa.eu/revamp/components/vendor/font-awesome/css/font-awesome.min.css → 200 (117ms, 7962B)
[2026-07-26T01:34:11.936Z] GET https://eur-lex.europa.eu/revamp/css/eurlex.css → 200 (117ms, 28750B)
[2026-07-26T01:34:11.936Z] GET https://eur-lex.europa.eu/revamp/css/eurlex-dev.css → 200 (144ms, 37008B)
[2026-07-26T01:34:11.936Z] GET https://eur-lex.europa.eu/css/oj/oj.css → 200 (184ms, 6861B)
[2026-07-26T01:34:11.936Z] GET https://eur-lex.europa.eu/images/europeanflag.gif → pending (?ms, ?B)
[2026-07-26T01:34:12.020Z] GET https://eur-lex.europa.eu/js/jquery.js → 200 (134ms, 36064B)
[2026-07-26T01:34:12.020Z] GET https://eur-lex.europa.eu/dynamic-js/eli_subdivisions_en.js → 200 (152ms, 1328B)
[2026-07-26T01:34:12.020Z] GET https://eur-lex.europa.eu/dynamic-js/config.js → 200 (238ms, 334B)
[2026-07-26T01:34:12.020Z] GET https://eur-lex.europa.eu/dynamic-js/const.js → 200 (248ms, 167B)
[2026-07-26T01:34:12.021Z] GET https://eur-lex.europa.eu/js/TOC_ELI_SUBDIVISIONS.js → 200 (350ms, 6070B)
[2026-07-26T01:34:12.021Z] GET https://eur-lex.europa.eu/revamp/components/vendor/bootstrap/dist/js/bootstrap.min.js → pending (?ms, ?B)
[2026-07-26T01:34:12.021Z] GET https://eur-lex.europa.eu/revamp/js/metisMenu.min.js → pending (?ms, ?B)
[2026-07-26T01:34:12.021Z] GET https://eur-lex.europa.eu/revamp/js/eurlex.js → pending (?ms, ?B)
[2026-07-26T01:34:12.021Z] GET https://eur-lex.europa.eu/js/eur-lex-sanitizer.js → pending (?ms, ?B)
[2026-07-26T01:34:12.021Z] GET https://eur-lex.europa.eu/js/eur-lex.js → pending (?ms, ?B)
[2026-07-26T01:34:12.021Z] GET https://eur-lex.europa.eu/js/cookieConsentKitUtils.js?v=2.18.4 → pending (?ms, ?B)
[2026-07-26T01:34:12.021Z] GET https://eur-lex.europa.eu/js/TOC.js → pending (?ms, ?B)
[2026-07-26T01:34:12.588Z] GET https://eur-lex.europa.eu/revamp/components/vendor/font-awesome/fonts/fontawesome-webfont.woff2?v=4.7.0 → 200 (110ms, 77211B)
